// Jest Snapshot v1, https://goo.gl/fbAQLP

exports[`<ChoiceItem /> toMatchSnapshot: Load <ChoiceItem /> component 1`] = `
<div>
  <div
    onClick={[Function]}
  >
    <div
      className="poll__choice_item poll__choice_selected sc-kpOJdX ddRiWz"
    >
      <div>
        <strong>
          ðŸšŽ
        </strong>
      </div>
      <div>
        150
         votes
      </div>
      <div>
        150
        %
      </div>
      <div
        className="poll__choice_percentage"
      >
        <div
          style={
            Object {
              "display": "flex",
              "width": 200,
            }
          }
        >
          <div
            style={
              Object {
                "backgroundColor": "#b2e2bf",
                "fontSize": undefined,
                "height": "16px",
                "padding": "1px 2px",
                "width": 85.71428571428571,
              }
            }
          />
          <div
            style={
              Object {
                "backgroundColor": "#c7c7c7",
                "fontSize": undefined,
                "height": "16px",
                "padding": "1px 2px",
                "width": 114.2857142857143,
              }
            }
          />
        </div>
      </div>
    </div>
  </div>
</div>
`;
